File does not exist: /home/fidian/repo/mo/tests/--help
