File does not exist: /home/fidian/repo/mo/tests/partial-missing.partial
